../src/lib/STM32F1xx_HAL_Driver/Src/stm32f1xx_hal_smartcard.c:1837:13:SMARTCARD_DMATransmitCplt	0	static
../src/lib/STM32F1xx_HAL_Driver/Src/stm32f1xx_hal_smartcard.c:1963:13:SMARTCARD_EndTxTransfer	0	static
../src/lib/STM32F1xx_HAL_Driver/Src/stm32f1xx_hal_smartcard.c:1979:13:SMARTCARD_EndRxTransfer	0	static
../src/lib/STM32F1xx_HAL_Driver/Src/stm32f1xx_hal_smartcard.c:1995:26:SMARTCARD_Transmit_IT	0	static
../src/lib/STM32F1xx_HAL_Driver/Src/stm32f1xx_hal_smartcard.c:2260:13:SMARTCARD_SetConfig	16	static
../src/lib/STM32F1xx_HAL_Driver/Src/stm32f1xx_hal_smartcard.c:1930:26:SMARTCARD_WaitOnFlagUntilTimeout	32	static
../src/lib/STM32F1xx_HAL_Driver/Src/stm32f1xx_hal_smartcard.c:419:13:HAL_SMARTCARD_MspInit	0	static
../src/lib/STM32F1xx_HAL_Driver/Src/stm32f1xx_hal_smartcard.c:296:19:HAL_SMARTCARD_Init	8	static
../src/lib/STM32F1xx_HAL_Driver/Src/stm32f1xx_hal_smartcard.c:435:13:HAL_SMARTCARD_MspDeInit	0	static
../src/lib/STM32F1xx_HAL_Driver/Src/stm32f1xx_hal_smartcard.c:375:19:HAL_SMARTCARD_DeInit	8	static
../src/lib/STM32F1xx_HAL_Driver/Src/stm32f1xx_hal_smartcard.c:756:19:HAL_SMARTCARD_Transmit	32	static
../src/lib/STM32F1xx_HAL_Driver/Src/stm32f1xx_hal_smartcard.c:818:19:HAL_SMARTCARD_Receive	32	static
../src/lib/STM32F1xx_HAL_Driver/Src/stm32f1xx_hal_smartcard.c:876:19:HAL_SMARTCARD_Transmit_IT	0	static
../src/lib/STM32F1xx_HAL_Driver/Src/stm32f1xx_hal_smartcard.c:924:19:HAL_SMARTCARD_Receive_IT	0	static
../src/lib/STM32F1xx_HAL_Driver/Src/stm32f1xx_hal_smartcard.c:969:19:HAL_SMARTCARD_Transmit_DMA	16	static
../src/lib/STM32F1xx_HAL_Driver/Src/stm32f1xx_hal_smartcard.c:1031:19:HAL_SMARTCARD_Receive_DMA	24	static
../src/lib/STM32F1xx_HAL_Driver/Src/stm32f1xx_hal_smartcard.c:1101:19:HAL_SMARTCARD_Abort	8	static
../src/lib/STM32F1xx_HAL_Driver/Src/stm32f1xx_hal_smartcard.c:1165:19:HAL_SMARTCARD_AbortTransmit	8	static
../src/lib/STM32F1xx_HAL_Driver/Src/stm32f1xx_hal_smartcard.c:1207:19:HAL_SMARTCARD_AbortReceive	8	static
../src/lib/STM32F1xx_HAL_Driver/Src/stm32f1xx_hal_smartcard.c:1668:13:HAL_SMARTCARD_TxCpltCallback	0	static
../src/lib/STM32F1xx_HAL_Driver/Src/stm32f1xx_hal_smartcard.c:2027:26:SMARTCARD_EndTransmit_IT	8	static
../src/lib/STM32F1xx_HAL_Driver/Src/stm32f1xx_hal_smartcard.c:1684:13:HAL_SMARTCARD_RxCpltCallback	0	static
../src/lib/STM32F1xx_HAL_Driver/Src/stm32f1xx_hal_smartcard.c:1857:13:SMARTCARD_DMAReceiveCplt	8	static
../src/lib/STM32F1xx_HAL_Driver/Src/stm32f1xx_hal_smartcard.c:2055:26:SMARTCARD_Receive_IT	8	static
../src/lib/STM32F1xx_HAL_Driver/Src/stm32f1xx_hal_smartcard.c:1700:13:HAL_SMARTCARD_ErrorCallback	0	static
../src/lib/STM32F1xx_HAL_Driver/Src/stm32f1xx_hal_smartcard.c:1889:13:SMARTCARD_DMAError	8	static
../src/lib/STM32F1xx_HAL_Driver/Src/stm32f1xx_hal_smartcard.c:1526:6:HAL_SMARTCARD_IRQHandler	8	static
../src/lib/STM32F1xx_HAL_Driver/Src/stm32f1xx_hal_smartcard.c:2101:13:SMARTCARD_DMAAbortOnError	8	static
../src/lib/STM32F1xx_HAL_Driver/Src/stm32f1xx_hal_smartcard.c:1715:13:HAL_SMARTCARD_AbortCpltCallback	0	static
../src/lib/STM32F1xx_HAL_Driver/Src/stm32f1xx_hal_smartcard.c:1252:19:HAL_SMARTCARD_Abort_IT	8	static
../src/lib/STM32F1xx_HAL_Driver/Src/stm32f1xx_hal_smartcard.c:2167:13:SMARTCARD_DMARxAbortCallback	8	static
../src/lib/STM32F1xx_HAL_Driver/Src/stm32f1xx_hal_smartcard.c:2124:13:SMARTCARD_DMATxAbortCallback	8	static
../src/lib/STM32F1xx_HAL_Driver/Src/stm32f1xx_hal_smartcard.c:1730:13:HAL_SMARTCARD_AbortTransmitCpltCallback	0	static
../src/lib/STM32F1xx_HAL_Driver/Src/stm32f1xx_hal_smartcard.c:1379:19:HAL_SMARTCARD_AbortTransmit_IT	8	static
../src/lib/STM32F1xx_HAL_Driver/Src/stm32f1xx_hal_smartcard.c:2210:13:SMARTCARD_DMATxOnlyAbortCallback	8	static
../src/lib/STM32F1xx_HAL_Driver/Src/stm32f1xx_hal_smartcard.c:1745:13:HAL_SMARTCARD_AbortReceiveCpltCallback	0	static
../src/lib/STM32F1xx_HAL_Driver/Src/stm32f1xx_hal_smartcard.c:1456:19:HAL_SMARTCARD_AbortReceive_IT	8	static
../src/lib/STM32F1xx_HAL_Driver/Src/stm32f1xx_hal_smartcard.c:2236:13:SMARTCARD_DMARxOnlyAbortCallback	8	static
../src/lib/STM32F1xx_HAL_Driver/Src/stm32f1xx_hal_smartcard.c:1780:28:HAL_SMARTCARD_GetState	0	static
../src/lib/STM32F1xx_HAL_Driver/Src/stm32f1xx_hal_smartcard.c:1795:10:HAL_SMARTCARD_GetError	0	static
