17:29:30 **** Incremental Build of configuration Debug for project mySTM ****
make all 
arm-none-eabi-gcc "../src/hw/core/gpio.c" -mcpu=cortex-m3 -std=gnu11 -g3 -DSTM32F103xB -c -I"/home/encanto/MY_PROJECT/STM32/STMF1/STM32F103RB/mySTM/src" -I"/home/encanto/MY_PROJECT/STM32/STMF1/STM32F103RB/mySTM/src/bsp/cmsis" -I"/home/encanto/MY_PROJECT/STM32/STMF1/STM32F103RB/mySTM/src/bsp/cmsis/Include" -I"/home/encanto/MY_PROJECT/STM32/STMF1/STM32F103RB/mySTM/src/lib/STM32F1xx_HAL_Driver/Inc" -I"/home/encanto/MY_PROJECT/STM32/STMF1/STM32F103RB/mySTM/src/app" -I"/home/encanto/MY_PROJECT/STM32/STMF1/STM32F103RB/mySTM/src/bsp" -I"/home/encanto/MY_PROJECT/STM32/STMF1/STM32F103RB/mySTM/src/common" -I"/home/encanto/MY_PROJECT/STM32/STMF1/STM32F103RB/mySTM/src/hw" -I"/home/encanto/MY_PROJECT/STM32/STMF1/STM32F103RB/mySTM/src/lib/FreeRTOS/Source/CMSIS_RTOS" -I"/home/encanto/MY_PROJECT/STM32/STMF1/STM32F103RB/mySTM/src/lib/FreeRTOS/Source/include" -I"/home/encanto/MY_PROJECT/STM32/STMF1/STM32F103RB/mySTM/src/lib/FreeRTOS/Source/portable/GCC/ARM_CM3" -Og -ffunction-sections -fdata-sections -Wall -fstack-usage -MMD -MP -MF"src/hw/core/gpio.d" -MT"src/hw/core/gpio.o" --specs=nano.specs -mfloat-abi=soft -mthumb -o "src/hw/core/gpio.o"
arm-none-eabi-gcc "../src/hw/hw.c" -mcpu=cortex-m3 -std=gnu11 -g3 -DSTM32F103xB -c -I"/home/encanto/MY_PROJECT/STM32/STMF1/STM32F103RB/mySTM/src" -I"/home/encanto/MY_PROJECT/STM32/STMF1/STM32F103RB/mySTM/src/bsp/cmsis" -I"/home/encanto/MY_PROJECT/STM32/STMF1/STM32F103RB/mySTM/src/bsp/cmsis/Include" -I"/home/encanto/MY_PROJECT/STM32/STMF1/STM32F103RB/mySTM/src/lib/STM32F1xx_HAL_Driver/Inc" -I"/home/encanto/MY_PROJECT/STM32/STMF1/STM32F103RB/mySTM/src/app" -I"/home/encanto/MY_PROJECT/STM32/STMF1/STM32F103RB/mySTM/src/bsp" -I"/home/encanto/MY_PROJECT/STM32/STMF1/STM32F103RB/mySTM/src/common" -I"/home/encanto/MY_PROJECT/STM32/STMF1/STM32F103RB/mySTM/src/hw" -I"/home/encanto/MY_PROJECT/STM32/STMF1/STM32F103RB/mySTM/src/lib/FreeRTOS/Source/CMSIS_RTOS" -I"/home/encanto/MY_PROJECT/STM32/STMF1/STM32F103RB/mySTM/src/lib/FreeRTOS/Source/include" -I"/home/encanto/MY_PROJECT/STM32/STMF1/STM32F103RB/mySTM/src/lib/FreeRTOS/Source/portable/GCC/ARM_CM3" -Og -ffunction-sections -fdata-sections -Wall -fstack-usage -MMD -MP -MF"src/hw/hw.d" -MT"src/hw/hw.o" --specs=nano.specs -mfloat-abi=soft -mthumb -o "src/hw/hw.o"
In file included from /home/encanto/MY_PROJECT/STM32/STMF1/STM32F103RB/mySTM/src/bsp/cmsis/stm32f1xx.h:131,
                 from /home/encanto/MY_PROJECT/STM32/STMF1/STM32F103RB/mySTM/src/lib/STM32F1xx_HAL_Driver/Inc/stm32f1xx_hal_def.h:30,
                 from /home/encanto/MY_PROJECT/STM32/STMF1/STM32F103RB/mySTM/src/lib/STM32F1xx_HAL_Driver/Inc/stm32f1xx_hal_rcc.h:29,
                 from /home/encanto/MY_PROJECT/STM32/STMF1/STM32F103RB/mySTM/src/bsp/stm32f1xx_hal_conf.h:243,
                 from /home/encanto/MY_PROJECT/STM32/STMF1/STM32F103RB/mySTM/src/lib/STM32F1xx_HAL_Driver/Inc/stm32f1xx_hal.h:30,
                 from /home/encanto/MY_PROJECT/STM32/STMF1/STM32F103RB/mySTM/src/bsp/bsp.h:12,
                 from ../src/hw/hw_def.h:12,
                 from ../src/hw/hw.h:11,
                 from ../src/hw/hw.c:11:
../src/hw/hw.c: In function 'hwInit':
/home/encanto/MY_PROJECT/STM32/STMF1/STM32F103RB/mySTM/src/bsp/cmsis/stm32f103xb.h:648:29: warning: passing argument 1 of 'PwmInit' makes integer from pointer without a cast [-Wint-conversion]
  648 | #define TIM2                ((TIM_TypeDef *)TIM2_BASE)
      |                             ^~~~~~~~~~~~~~~~~~~~~~~~~~
      |                             |
      |                             TIM_TypeDef *
../src/hw/hw.c:21:10: note: in expansion of macro 'TIM2'
   21 |  PwmInit(TIM2, _DEF_PWM1);
      |          ^~~~
In file included from ../src/hw/hw.h:16,
                 from ../src/hw/hw.c:11:
../src/hw/core/pwm.h:14:23: note: expected 'uint32_t' {aka 'long unsigned int'} but argument is of type 'TIM_TypeDef *'
   14 | void PwmInit(uint32_t TimerDef, uint8_t ch);
      |              ~~~~~~~~~^~~~~~~~
arm-none-eabi-gcc "../src/app/app.c" -mcpu=cortex-m3 -std=gnu11 -g3 -DSTM32F103xB -c -I"/home/encanto/MY_PROJECT/STM32/STMF1/STM32F103RB/mySTM/src" -I"/home/encanto/MY_PROJECT/STM32/STMF1/STM32F103RB/mySTM/src/bsp/cmsis" -I"/home/encanto/MY_PROJECT/STM32/STMF1/STM32F103RB/mySTM/src/bsp/cmsis/Include" -I"/home/encanto/MY_PROJECT/STM32/STMF1/STM32F103RB/mySTM/src/lib/STM32F1xx_HAL_Driver/Inc" -I"/home/encanto/MY_PROJECT/STM32/STMF1/STM32F103RB/mySTM/src/app" -I"/home/encanto/MY_PROJECT/STM32/STMF1/STM32F103RB/mySTM/src/bsp" -I"/home/encanto/MY_PROJECT/STM32/STMF1/STM32F103RB/mySTM/src/common" -I"/home/encanto/MY_PROJECT/STM32/STMF1/STM32F103RB/mySTM/src/hw" -I"/home/encanto/MY_PROJECT/STM32/STMF1/STM32F103RB/mySTM/src/lib/FreeRTOS/Source/CMSIS_RTOS" -I"/home/encanto/MY_PROJECT/STM32/STMF1/STM32F103RB/mySTM/src/lib/FreeRTOS/Source/include" -I"/home/encanto/MY_PROJECT/STM32/STMF1/STM32F103RB/mySTM/src/lib/FreeRTOS/Source/portable/GCC/ARM_CM3" -Og -ffunction-sections -fdata-sections -Wall -fstack-usage -MMD -MP -MF"src/app/app.d" -MT"src/app/app.o" --specs=nano.specs -mfloat-abi=soft -mthumb -o "src/app/app.o"
../src/app/app.c: In function 'threadMain':
../src/app/app.c:136:12: warning: unused variable 'resultVal' [-Wunused-variable]
  136 |    int32_t resultVal;
      |            ^~~~~~~~~
../src/app/app.c:135:12: warning: unused variable 'data' [-Wunused-variable]
  135 |    uint8_t data;
      |            ^~~~
arm-none-eabi-gcc "../src/main.c" -mcpu=cortex-m3 -std=gnu11 -g3 -DSTM32F103xB -c -I"/home/encanto/MY_PROJECT/STM32/STMF1/STM32F103RB/mySTM/src" -I"/home/encanto/MY_PROJECT/STM32/STMF1/STM32F103RB/mySTM/src/bsp/cmsis" -I"/home/encanto/MY_PROJECT/STM32/STMF1/STM32F103RB/mySTM/src/bsp/cmsis/Include" -I"/home/encanto/MY_PROJECT/STM32/STMF1/STM32F103RB/mySTM/src/lib/STM32F1xx_HAL_Driver/Inc" -I"/home/encanto/MY_PROJECT/STM32/STMF1/STM32F103RB/mySTM/src/app" -I"/home/encanto/MY_PROJECT/STM32/STMF1/STM32F103RB/mySTM/src/bsp" -I"/home/encanto/MY_PROJECT/STM32/STMF1/STM32F103RB/mySTM/src/common" -I"/home/encanto/MY_PROJECT/STM32/STMF1/STM32F103RB/mySTM/src/hw" -I"/home/encanto/MY_PROJECT/STM32/STMF1/STM32F103RB/mySTM/src/lib/FreeRTOS/Source/CMSIS_RTOS" -I"/home/encanto/MY_PROJECT/STM32/STMF1/STM32F103RB/mySTM/src/lib/FreeRTOS/Source/include" -I"/home/encanto/MY_PROJECT/STM32/STMF1/STM32F103RB/mySTM/src/lib/FreeRTOS/Source/portable/GCC/ARM_CM3" -Og -ffunction-sections -fdata-sections -Wall -fstack-usage -MMD -MP -MF"src/main.d" -MT"src/main.o" --specs=nano.specs -mfloat-abi=soft -mthumb -o "src/main.o"
arm-none-eabi-gcc -o "mySTM.elf" @"objects.list"   -mcpu=cortex-m3 -T"/home/encanto/MY_PROJECT/STM32/STMF1/STM32F103RB/mySTM/src/bsp/ldscript/STM32F103XB_FLASH.ld" --specs=nosys.specs -Wl,-Map="mySTM.map" -Wl,--gc-sections -static -u_printf_float --specs=nano.specs -mfloat-abi=soft -mthumb -Wl,--start-group -lc -lm -Wl,--end-group
Finished building target: mySTM.elf
 
arm-none-eabi-size   mySTM.elf 
   text	   data	    bss	    dec	    hex	filename
  30340	    548	   7060	  37948	   943c	mySTM.elf
Finished building: default.size.stdout
 
arm-none-eabi-objdump -h -S  mySTM.elf  > "mySTM.list"
Finished building: mySTM.list
 

17:29:34 Build Finished. 0 errors, 3 warnings. (took 4s.179ms)

