../src/hw/core/uart.c:129:6:uartStartRx	8	static
../src/hw/core/uart.c:309:6:uartRxHandler	16	static
../src/hw/core/uart.c:55:6:UartInit	4	static
../src/hw/core/uart.c:67:6:UartOpen	24	static
../src/hw/core/uart.c:144:6:UartClose	8	static
../src/hw/core/uart.c:169:10:UartAvailable	16	static
../src/hw/core/uart.c:197:6:UartFlush	8	static
../src/hw/core/uart.c:236:9:UartWrite	24	static
../src/hw/core/uart.c:215:6:UartPutch	16	static
../src/hw/core/uart.c:259:6:UartTransmit	16	static
../src/hw/core/uart.c:270:9:UartRead	16	static
../src/hw/core/uart.c:220:9:UartGetch	8	static
../src/hw/core/uart.c:292:9:UartPrintf	276	static
../src/hw/core/uart.c:323:6:uartErrHandler	8	static
../src/hw/core/uart.c:330:6:HAL_UART_RxCpltCallback	8	static
../src/hw/core/uart.c:338:6:HAL_UART_ErrorCallback	8	static
../src/hw/core/uart.c:351:6:USART2_IRQHandler	8	static
../src/hw/core/uart.c:358:6:HAL_UART_MspInit	48	static
../src/hw/core/uart.c:421:6:HAL_UART_MspDeInit	8	static
